PHPUnit 10.5.63 by Sebastian Bergmann and contributors.

Runtime:       PHP 8.2.12
Configuration: C:\xampp\htdocs\project\phpunit.xml

...............................................................  63 / 468 ( 13%)
............................................................... 126 / 468 ( 26%)
............................................................... 189 / 468 ( 40%)
......................W........................................ 252 / 468 ( 53%)
............................................................... 315 / 468 ( 67%)
............................................................... 378 / 468 ( 80%)
.............................................................WW 441 / 468 ( 94%)
.......W.......W...........                                     468 / 468 (100%)

Time: 01:33.101, Memory: 14.00 MB

OK, but there were issues!
Tests: 468, Assertions: 1203, Warnings: 5, Deprecations: 2.
